PWD: /project/6102153/khanadi7/langrankplus
HOST: c207.nibi.sharcnet
which python: /project/6102153/khanadi7/langrankplus/venv/bin/python
Python 3.11.4
CSVS: data/sib200.csv
FEATURES: new_gen new_typ new_geo script
PERFORMANCE_COL: accuracy
OUT_DIR: artifacts/evaluation_sib200_nested/accuracy
VAL_SIZE: 0
N_OPT_STEPS: 1000
LEARNING_RATE: 0.05
MAX_PAIRS_PER_QUERY: 5000
SCORE_SCALE: 10.0
RRF_K_GRID: 1 5 10 20 40 60 100
INCLUDE_CONFORMAL: 1
numpy ok
pandas ok
sklearn ok
lightgbm ok
torch ok

Evaluating random
EvaluationResult(method=random, ndcg@3=6.29, perf_loss=55.54, top1=0.00, top3=3.68, conf_cov=97.37, conf_size=168.00)

Evaluating single_new_gen
EvaluationResult(method=single_new_gen, ndcg@3=26.45, perf_loss=11.69, top1=18.42, top3=21.58, conf_cov=94.21, conf_size=162.71)

Evaluating single_new_typ
EvaluationResult(method=single_new_typ, ndcg@3=23.68, perf_loss=12.61, top1=16.84, top3=18.42, conf_cov=90.00, conf_size=160.16)

Evaluating single_new_geo
EvaluationResult(method=single_new_geo, ndcg@3=25.21, perf_loss=13.14, top1=18.42, top3=20.53, conf_cov=92.11, conf_size=170.14)

Evaluating single_script
EvaluationResult(method=single_script, ndcg@3=11.05, perf_loss=16.99, top1=1.58, top3=7.89, conf_cov=96.84, conf_size=172.95)

Evaluating composite_equal
EvaluationResult(method=composite_equal, ndcg@3=27.51, perf_loss=12.19, top1=18.42, top3=21.58, conf_cov=94.74, conf_size=167.12)

Evaluating rrf_equal
EvaluationResult(method=rrf_equal, ndcg@3=26.92, perf_loss=12.15, top1=18.42, top3=20.53, conf_cov=91.58, conf_size=160.49)

Evaluating composite_pairwise_nested
EvaluationResult(method=composite_pairwise_nested, ndcg@3=27.53, perf_loss=11.96, top1=18.42, top3=23.16, conf_cov=93.68, conf_size=167.37)

Evaluating rrf_pairwise_nested
EvaluationResult(method=rrf_pairwise_nested, ndcg@3=26.87, perf_loss=12.02, top1=18.42, top3=20.53, conf_cov=91.05, conf_size=160.43)

Evaluating lightgbm_lambdarank
EvaluationResult(method=lightgbm_lambdarank, ndcg@3=31.54, perf_loss=11.33, top1=16.84, top3=28.95, conf_cov=94.21, conf_size=150.80)

Evaluating mlp_listnet
EvaluationResult(method=mlp_listnet, ndcg@3=26.03, perf_loss=12.44, top1=18.42, top3=20.53, conf_cov=95.79, conf_size=165.29)

Summary
                   method    ndcg@3  performance_loss  top_1_accuracy  top_3_accuracy  n_folds  conformal_alpha  conformal_best_source_coverage  conformal_average_set_size  conformal_singleton_rate  conformal_empty_rate  conformal_best_in_set_performance_loss
      lightgbm_lambdarank 31.538488         11.331290       16.842105       28.947368      190              0.1                       94.210526                  150.800000                       0.0                   0.0                                0.164802
           single_new_gen 26.454089         11.689197       18.421053       21.578947      190              0.1                       94.210526                  162.705263                       0.0                   0.0                                0.092329
composite_pairwise_nested 27.528802         11.959908       18.421053       23.157895      190              0.1                       93.684211                  167.368421                       0.0                   0.0                                0.116108
      rrf_pairwise_nested 26.865356         12.024385       18.421053       20.526316      190              0.1                       91.052632                  160.426316                       0.0                   0.0                                0.192551
                rrf_equal 26.924154         12.151790       18.421053       20.526316      190              0.1                       91.578947                  160.494737                       0.0                   0.0                                0.189350
          composite_equal 27.512840         12.189023       18.421053       21.578947      190              0.1                       94.736842                  167.121053                       0.0                   0.0                                0.071084
              mlp_listnet 26.033056         12.435796       18.421053       20.526316      190              0.1                       95.789474                  165.294737                       0.0                   0.0                                0.125640
           single_new_typ 23.680223         12.607828       16.842105       18.421053      190              0.1                       90.000000                  160.163158                       0.0                   0.0                                0.149770
           single_new_geo 25.205779         13.139529       18.421053       20.526316      190              0.1                       92.105263                  170.142105                       0.0                   0.0                                0.262890
            single_script 11.047251         16.994054        1.578947        7.894737      190              0.1                       96.842105                  172.947368                       0.0                   0.0                                0.044130
                   random  6.286613         55.540208        0.000000        3.684211      190              0.1                       97.368421                  168.000000                       0.0                   0.0                                0.063809

Wrote artifacts/evaluation_sib200_nested/accuracy/summary_accuracy.csv
Wrote artifacts/evaluation_sib200_nested/accuracy/per_fold_accuracy.csv
Wrote artifacts/evaluation_sib200_nested/accuracy/pairwise_accuracy.csv
Finished nested evaluation for performance_col=accuracy
Outputs:
  artifacts/evaluation_sib200_nested/accuracy/summary_accuracy.csv
  artifacts/evaluation_sib200_nested/accuracy/per_fold_accuracy.csv
  artifacts/evaluation_sib200_nested/accuracy/pairwise_accuracy.csv
